// Jest Snapshot v1, https://goo.gl/fbAQLP

exports[`Suit test MlApp should be defined MLApp 1`] = `
<BrowserRouter
  basename="/"
>
  <Routes />
</BrowserRouter>
`;
